
> nikat-frontend@0.0.0 build
> ng build

node.exe : Node.js version v25.1.0 detected.
At line:1 char:1
+ & "C:\Program Files\nodejs/node.exe" "C:\Program Files\nodejs/node_mo ...
+ ~~~~~~~~~~~~~~~~~~~~~~~~~~~~~~~~~~~~~~~~~~~~~~~~~~~~~~~~~~~~~~~~~~~~~
    + CategoryInfo          : NotSpec    ified: (Node.js version v25.1.0 d    etected.:String) [], RemoteExcept    ion
    + FullyQualifiedErrorId : NativeC    ommandError
 
Odd numbered Node.js versions will not enter LTS status and should not be used for production. For more information, please see https://nodejs.org/en/about/previous-releases/.
[33mΓ¥»[39m Building...
