.\apache-maven-3.9.6\bin\mvn.cmd : WARNING: 
A restricted method in java.lang.System has 
been called
At line:1 char:1
+ .\apache-maven-3.9.6\bin\mvn.cmd clean 
install -DskipTests > build_ou ...
+ ~~~~~~~~~~~~~~~~~~~~~~~~~~~~~~~~~~~~~~~~~~
~~~~~~~~~~~~~~~~~~~~~~~~~~~
    + CategoryInfo          : NotSpecified: 
    (WARNING: A rest...has been called:Str  
  ing) [], RemoteException
    + FullyQualifiedErrorId : NativeCommand 
   Error
 
WARNING: java.lang.System::load has been 
called by 
org.fusesource.jansi.internal.JansiLoader 
in an unnamed module (file:/E:/My%20folder/E
ducation/Git/Nikat/backend/apache-maven-3.9.
6/lib/jansi-2.4.0.jar)
WARNING: Use 
--enable-native-access=ALL-UNNAMED to avoid 
a warning for callers in this module
WARNING: Restricted methods will be blocked 
in a future release unless native access is 
enabled

WARNING: A terminally deprecated method in 
sun.misc.Unsafe has been called
WARNING: sun.misc.Unsafe::objectFieldOffset 
has been called by com.google.common.util.co
ncurrent.AbstractFuture$UnsafeAtomicHelper (
file:/E:/My%20folder/Education/Git/Nikat/bac
kend/apache-maven-3.9.6/lib/guava-32.0.1-jre
.jar)
WARNING: Please consider reporting this to 
the maintainers of class com.google.common.u
til.concurrent.AbstractFuture$UnsafeAtomicHe
lper
WARNING: sun.misc.Unsafe::objectFieldOffset 
will be removed in a future release
[INFO] Scanning for projects...
[INFO] 
[INFO] ------------------------< com.nikat:nikat-api >-------------------------
[INFO] Building Nikat Backend 0.0.1-SNAPSHOT
[INFO]   from pom.xml
[INFO] --------------------------------[ jar ]---------------------------------
[INFO] 
[INFO] --- clean:3.4.0:clean (default-clean) @ nikat-api ---
[INFO] Deleting E:\My folder\Education\Git\Nikat\backend\target
[INFO] 
[INFO] --- resources:3.3.1:resources (default-resources) @ nikat-api ---
[INFO] Copying 1 resource from src\main\resources to target\classes
[INFO] Copying 4 resources from src\main\resources to target\classes
[INFO] 
[INFO] --- compiler:3.13.0:compile (default-compile) @ nikat-api ---
[INFO] Recompiling the module because of changed source code.
[INFO] Compiling 63 source files with javac [debug parameters release 25] to target\classes
[INFO] ------------------------------------------------------------------------
[INFO] BUILD FAILURE
[INFO] ------------------------------------------------------------------------
[INFO] Total time:  3.011 s
[INFO] Finished at: 2026-03-27T17:31:12+05:30
[INFO] ------------------------------------------------------------------------
[ERROR] Failed to execute goal org.apache.maven.plugins:maven-compiler-plugin:3.13.0:compile (default-compile) on project nikat-api: Fatal error compiling: java.lang.ExceptionInInitializerError: com.sun.tools.javac.code.TypeTag :: UNKNOWN -> [Help 1]
[ERROR] 
[ERROR] To see the full stack trace of the errors, re-run Maven with the -e switch.
[ERROR] Re-run Maven using the -X switch to enable full debug logging.
[ERROR] 
[ERROR] For more information about the errors and possible solutions, please read the following articles:
[ERROR] [Help 1] http://cwiki.apache.org/confluence/display/MAVEN/MojoExecutionException
